<?xml version="1.0" encoding="utf-8"?><testsuites name="pytest tests"><testsuite name="pytest" errors="0" failures="0" skipped="0" tests="1" time="0.038" timestamp="2025-08-16T20:48:44.028431-05:00" hostname="CSI367315"><testcase classname="tests.test_stub" name="test_stub" file="tests/test_stub.py" line="3" time="0.001" /></testsuite></testsuites>
